TRACE:should have no error: running with verbose off
TRACE:ERROR:Allocated block 1  corrupted at offset -4
TRACE:	logical block id=1,  nbytes=824
TRACE:	Block allocated at: tests/6-purify-no-bug-slow.c:notmain:14
TRACE:ERROR:Allocated block 1  corrupted at offset -3
TRACE:	logical block id=1,  nbytes=824
TRACE:	Block allocated at: tests/6-purify-no-bug-slow.c:notmain:14
PANIC:../../labs/9-memcheck-stat/code.staff/ckalloc.c:ckalloc:150:mem_check(h, ck_get_rz1(h), rn)
